../Core/Src/mbus.c:23:13:HALCPU_CRC_CRC16CCITT	32	static
../Core/Src/mbus.c:32:13:CalculateFCS	32	static
../Core/Src/mbus.c:49:10:MBUS_SetTransmittedData	24	static
../Core/Src/mbus.c:71:27:MBUS_GetProcessedFrame	16	static
../Core/Src/mbus.c:82:13:MBUS_UpdateTransmittedBuffer	8	static
../Core/Src/mbus.c:91:13:MBUS_UpdateProcessedBuffer	16	static
../Core/Src/mbus.c:98:13:MBUS_Reset	8	static
../Core/Src/mbus.c:106:10:MBUS_Init	64	static
../Core/Src/mbus.c:156:6:MBUS_StartTimeoutTimer	8	static
../Core/Src/mbus.c:167:7:HAL_UART_TxCpltCallback	16	static,ignoring_inline_asm
../Core/Src/mbus.c:238:6:HAL_UART_RxCpltCallback	16	static,ignoring_inline_asm
../Core/Src/mbus.c:340:6:HAL_UART_ErrorCallback	16	static,ignoring_inline_asm
../Core/Src/mbus.c:350:6:HAL_TIM_OC_DelayElapsedCallback	16	static,ignoring_inline_asm
