../Core/Src/mbus.c:36:13:HALCPU_CRC_CRC16CCITT	32	static
../Core/Src/mbus.c:45:13:CalculateFCS	32	static
../Core/Src/mbus.c:64:10:MBUS_UpdateTransmittedData	24	static
../Core/Src/mbus.c:84:10:MBUS_GetProcessedData	16	static
../Core/Src/mbus.c:101:13:MBUS_FillTransmitBuffer	8	static
../Core/Src/mbus.c:106:13:MBUS_FillReceivedBuffer	8	static
../Core/Src/mbus.c:111:13:MBUS_Reset	8	static
../Core/Src/mbus.c:123:10:MBUS_Init	48	static
../Core/Src/mbus.c:177:6:HAL_UART_ErrorCallback	16	static
../Core/Src/mbus.c:190:7:HAL_UART_TxCpltCallback	16	static
../Core/Src/mbus.c:252:6:HAL_UART_RxCpltCallback	16	static
