../Drivers/STM32C0xx_HAL_Driver/Inc/stm32c0xx_ll_rcc.h:1365:22:LL_RCC_ConfigMCO	16	static
../Drivers/STM32C0xx_HAL_Driver/Inc/stm32c0xx_ll_rcc.h:1406:22:LL_RCC_ConfigMCO2	16	static
../Drivers/STM32C0xx_HAL_Driver/Src/stm32c0xx_hal_rcc.c:199:19:HAL_RCC_DeInit	16	static
../Drivers/STM32C0xx_HAL_Driver/Src/stm32c0xx_hal_rcc.c:287:19:HAL_RCC_OscConfig	32	static
../Drivers/STM32C0xx_HAL_Driver/Src/stm32c0xx_hal_rcc.c:636:19:HAL_RCC_ClockConfig	24	static
../Drivers/STM32C0xx_HAL_Driver/Src/stm32c0xx_hal_rcc.c:850:6:HAL_RCC_MCOConfig	56	static
../Drivers/STM32C0xx_HAL_Driver/Src/stm32c0xx_hal_rcc.c:934:10:HAL_RCC_GetSysClockFreq	16	static
../Drivers/STM32C0xx_HAL_Driver/Src/stm32c0xx_hal_rcc.c:990:10:HAL_RCC_GetHCLKFreq	8	static
../Drivers/STM32C0xx_HAL_Driver/Src/stm32c0xx_hal_rcc.c:1003:10:HAL_RCC_GetPCLK1Freq	8	static
../Drivers/STM32C0xx_HAL_Driver/Src/stm32c0xx_hal_rcc.c:1016:6:HAL_RCC_GetOscConfig	24	static
../Drivers/STM32C0xx_HAL_Driver/Src/stm32c0xx_hal_rcc.c:1076:6:HAL_RCC_GetClockConfig	16	static
../Drivers/STM32C0xx_HAL_Driver/Src/stm32c0xx_hal_rcc.c:1116:6:HAL_RCC_EnableCSS	8	static
../Drivers/STM32C0xx_HAL_Driver/Src/stm32c0xx_hal_rcc.c:1132:6:HAL_RCC_EnableLSECSS	8	static
../Drivers/STM32C0xx_HAL_Driver/Src/stm32c0xx_hal_rcc.c:1143:6:HAL_RCC_DisableLSECSS	8	static
../Drivers/STM32C0xx_HAL_Driver/Src/stm32c0xx_hal_rcc.c:1153:6:HAL_RCC_NMI_IRQHandler	16	static
../Drivers/STM32C0xx_HAL_Driver/Src/stm32c0xx_hal_rcc.c:1179:13:HAL_RCC_CSSCallback	8	static
../Drivers/STM32C0xx_HAL_Driver/Src/stm32c0xx_hal_rcc.c:1190:13:HAL_RCC_LSECSSCallback	8	static
